../Core/Src/main.c:93:6:ADC_Select_CH0	24	static
../Core/Src/main.c:108:6:ADC_Select_CH1	24	static
../Core/Src/main.c:121:6:ADC_Select_CH2	24	static
../Core/Src/main.c:134:6:ADC_Select_CH3	24	static
../Core/Src/main.c:147:6:ADC_Select_CH4	24	static
../Core/Src/main.c:160:6:delay	16	static
../Core/Src/main.c:169:6:BMS_transmitter	8	static
../Core/Src/main.c:182:6:Task1	32	static
../Core/Src/main.c:253:6:Task2	16	static
../Core/Src/main.c:276:6:Task3	64	static
../Core/Src/main.c:294:5:main	16	static
../Core/Src/main.c:352:6:SystemClock_Config	88	static
../Core/Src/main.c:399:13:MX_ADC1_Init	8	static
../Core/Src/main.c:491:13:MX_CAN1_Init	8	static
../Core/Src/main.c:528:13:MX_UART5_Init	8	static
../Core/Src/main.c:561:13:MX_GPIO_Init	48	static
../Core/Src/main.c:598:6:CAN_TxHeaderInit	4	static
../Core/Src/main.c:617:6:HAL_TIM_PeriodElapsedCallback	16	static
../Core/Src/main.c:634:6:Error_Handler	4	static,ignoring_inline_asm
